{
  "Id": "cc7edd88-ba0e-4319-8e44-994256e45c42",
  "FirstName": "Foo",
  "LastName": "Bar",
  "DateOfBirth": "2000-06-25T00:00:00",
  "Age": 30,
  "Size": 182.5214
}
